// Jest Snapshot v1, https://goo.gl/fbAQLP

exports[`ChangePassword renders without crashing 1`] = `
<div
  className="UserDetails"
>
  <form
    autoComplete="off"
    noValidate={true}
    style={
      Object {
        "display": "flex",
        "flexWrap": "wrap",
        "justifyContent": "space-evenly",
      }
    }
  >
    <div
      aria-describedby={undefined}
      className="MuiFormControl-root-1 MuiFormControl-marginNormal-2"
      onBlur={[Function]}
      onFocus={[Function]}
      style={
        Object {
          "margin": 10,
        }
      }
    >
      <label
        className="MuiFormLabel-root-10 MuiInputLabel-root-5 MuiInputLabel-formControl-6 MuiInputLabel-animated-9"
        data-shrink={false}
        htmlFor="password"
      >
        Nytt lösenord
      </label>
      <div
        className="MuiInput-root-16 MuiInput-formControl-17 MuiInput-underline-20"
      >
        <input
          aria-invalid={false}
          aria-required={false}
          autoComplete="current-password"
          autoFocus={undefined}
          className="MuiInput-input-24 MuiInput-inputType-28"
          defaultValue={undefined}
          disabled={false}
          id="password"
          name={undefined}
          onBlur={[Function]}
          onChange={[Function]}
          onFocus={[Function]}
          onKeyDown={undefined}
          onKeyUp={undefined}
          placeholder={undefined}
          readOnly={undefined}
          required={undefined}
          rows={undefined}
          type="password"
          value={undefined}
        />
      </div>
    </div>
    <div
      aria-describedby={undefined}
      className="MuiFormControl-root-1 MuiFormControl-marginNormal-2"
      onBlur={[Function]}
      onFocus={[Function]}
      style={
        Object {
          "margin": 10,
        }
      }
    >
      <label
        className="MuiFormLabel-root-10 MuiInputLabel-root-5 MuiInputLabel-formControl-6 MuiInputLabel-animated-9"
        data-shrink={false}
        htmlFor="passwordRepeat"
      >
        Bekräfta lösenord
      </label>
      <div
        className="MuiInput-root-16 MuiInput-formControl-17 MuiInput-underline-20"
      >
        <input
          aria-invalid={false}
          aria-required={false}
          autoComplete="current-password"
          autoFocus={undefined}
          className="MuiInput-input-24 MuiInput-inputType-28"
          defaultValue={undefined}
          disabled={false}
          id="passwordRepeat"
          name={undefined}
          onBlur={[Function]}
          onChange={[Function]}
          onFocus={[Function]}
          onKeyDown={undefined}
          onKeyUp={undefined}
          placeholder={undefined}
          readOnly={undefined}
          required={undefined}
          rows={undefined}
          type="password"
          value={undefined}
        />
      </div>
    </div>
    <button
      className="MuiButtonBase-root-45 MuiButton-root-30 MuiButton-raised-35"
      disabled={false}
      onBlur={[Function]}
      onClick={[Function]}
      onFocus={[Function]}
      onKeyDown={[Function]}
      onKeyUp={[Function]}
      onMouseDown={[Function]}
      onMouseLeave={[Function]}
      onMouseUp={[Function]}
      onTouchEnd={[Function]}
      onTouchMove={[Function]}
      onTouchStart={[Function]}
      style={
        Object {
          "margin": 20,
        }
      }
      tabIndex="0"
      type="button"
    >
      <span
        className="MuiButton-label-31"
      >
        Ok
      </span>
      <span
        className="MuiTouchRipple-root-48"
      />
    </button>
  </form>
</div>
`;
