// Jest Snapshot v1, https://goo.gl/fbAQLP

exports[`Settings renders without crashing 1`] = `
<div
  className="Settings"
>
  <div>
    <div
      className="SettingsUser"
    >
      <h1
        className="MuiTypography-root-1 MuiTypography-headline-6 MuiTypography-alignLeft-13"
        style={
          Object {
            "margin": 20,
          }
        }
      >
        Inställningar
      </h1>
      <div
        className="SettingsUser-Inner"
      >
        <div
          className="MuiPaper-root-28 MuiPaper-elevation1-31 MuiExpansionPanel-root-25"
          style={
            Object {
              "margin": 0,
            }
          }
        >
          <div
            aria-expanded={false}
            className="MuiButtonBase-root-63 MuiExpansionPanelSummary-root-55"
            onBlur={[Function]}
            onClick={[Function]}
            onFocus={[Function]}
            onKeyDown={[Function]}
            onKeyUp={[Function]}
            onMouseDown={[Function]}
            onMouseLeave={[Function]}
            onMouseUp={[Function]}
            onTouchEnd={[Function]}
            onTouchMove={[Function]}
            onTouchStart={[Function]}
            role="button"
            tabIndex="0"
          >
            <div
              className="MuiExpansionPanelSummary-content-59"
            >
              <p
                className="MuiTypography-root-1 MuiTypography-body1-10"
              >
                Användaruppgifter
              </p>
            </div>
            <div
              aria-hidden="true"
              className="MuiButtonBase-root-63 MuiIconButton-root-66 MuiExpansionPanelSummary-expandIcon-61"
              onBlur={[Function]}
              onFocus={[Function]}
              onKeyDown={[Function]}
              onKeyUp={[Function]}
              onMouseDown={[Function]}
              onMouseLeave={[Function]}
              onMouseUp={[Function]}
              onTouchEnd={[Function]}
              onTouchMove={[Function]}
              onTouchStart={[Function]}
              role="button"
              tabIndex={-1}
            >
              <span
                className="MuiIconButton-label-71"
              >
                <svg
                  aria-hidden="true"
                  className="MuiSvgIcon-root-72"
                  color={undefined}
                  focusable="false"
                  viewBox="0 0 24 24"
                >
                  <g>
                    <path
                      d="M16.59 8.59L12 13.17 7.41 8.59 6 10l6 6 6-6z"
                    />
                  </g>
                </svg>
              </span>
              <span
                className="MuiTouchRipple-root-78"
              />
            </div>
          </div>
          <div
            aria-hidden="true"
            className="MuiCollapse-container-85"
            style={
              Object {
                "minHeight": "0px",
              }
            }
          >
            <div
              className="MuiCollapse-wrapper-87"
            >
              <div
                className="MuiCollapse-wrapperInner-88"
              >
                <div
                  className="MuiExpansionPanelDetails-root-89"
                >
                  <div
                    className="UserDetails"
                  >
                    <div>
                      <form
                        autoComplete="off"
                        noValidate={true}
                        style={
                          Object {
                            "display": "flex",
                            "flexWrap": "wrap",
                            "justifyContent": "space-evenly",
                          }
                        }
                      >
                        <div
                          aria-describedby={undefined}
                          className="MuiFormControl-root-90 MuiFormControl-marginNormal-91"
                          onBlur={[Function]}
                          onFocus={[Function]}
                          style={
                            Object {
                              "margin": 10,
                            }
                          }
                        >
                          <label
                            className="MuiFormLabel-root-99 MuiInputLabel-root-94 MuiInputLabel-formControl-95 MuiInputLabel-animated-98 MuiInputLabel-shrink-97"
                            data-shrink={true}
                            htmlFor="userName"
                          >
                            Användarnamn
                          </label>
                          <div
                            className="MuiInput-root-105 MuiInput-disabled-108 MuiInput-formControl-106 MuiInput-underline-109"
                          >
                            <input
                              aria-invalid={false}
                              aria-required={false}
                              autoComplete={undefined}
                              autoFocus={undefined}
                              className="MuiInput-input-113 MuiInput-inputDisabled-115"
                              defaultValue={undefined}
                              disabled={true}
                              id="userName"
                              name={undefined}
                              onBlur={[Function]}
                              onChange={[Function]}
                              onFocus={[Function]}
                              onKeyDown={undefined}
                              onKeyUp={undefined}
                              placeholder={undefined}
                              readOnly={undefined}
                              required={undefined}
                              rows={undefined}
                              type="text"
                              value="username"
                            />
                          </div>
                        </div>
                        <div
                          aria-describedby={undefined}
                          className="MuiFormControl-root-90 MuiFormControl-marginNormal-91"
                          onBlur={[Function]}
                          onFocus={[Function]}
                          style={
                            Object {
                              "margin": 10,
                            }
                          }
                        >
                          <label
                            className="MuiFormLabel-root-99 MuiInputLabel-root-94 MuiInputLabel-formControl-95 MuiInputLabel-animated-98"
                            data-shrink={false}
                            htmlFor="email"
                          >
                            Email
                          </label>
                          <div
                            className="MuiInput-root-105 MuiInput-disabled-108 MuiInput-formControl-106 MuiInput-underline-109"
                          >
                            <input
                              aria-invalid={false}
                              aria-required={false}
                              autoComplete={undefined}
                              autoFocus={undefined}
                              className="MuiInput-input-113 MuiInput-inputDisabled-115 MuiInput-inputType-117"
                              defaultValue={undefined}
                              disabled={true}
                              id="email"
                              name={undefined}
                              onBlur={[Function]}
                              onChange={[Function]}
                              onFocus={[Function]}
                              onKeyDown={undefined}
                              onKeyUp={undefined}
                              placeholder={undefined}
                              readOnly={undefined}
                              required={undefined}
                              rows={undefined}
                              type="email"
                              value={undefined}
                            />
                          </div>
                        </div>
                        <div
                          aria-describedby={undefined}
                          className="MuiFormControl-root-90 MuiFormControl-marginNormal-91"
                          onBlur={[Function]}
                          onFocus={[Function]}
                          style={
                            Object {
                              "margin": 10,
                            }
                          }
                        >
                          <label
                            className="MuiFormLabel-root-99 MuiInputLabel-root-94 MuiInputLabel-formControl-95 MuiInputLabel-animated-98"
                            data-shrink={false}
                            htmlFor="firstName"
                          >
                            Förnamn
                          </label>
                          <div
                            className="MuiInput-root-105 MuiInput-disabled-108 MuiInput-formControl-106 MuiInput-underline-109"
                          >
                            <input
                              aria-invalid={false}
                              aria-required={false}
                              autoComplete={undefined}
                              autoFocus={undefined}
                              className="MuiInput-input-113 MuiInput-inputDisabled-115"
                              defaultValue={undefined}
                              disabled={true}
                              id="firstName"
                              name={undefined}
                              onBlur={[Function]}
                              onChange={[Function]}
                              onFocus={[Function]}
                              onKeyDown={undefined}
                              onKeyUp={undefined}
                              placeholder={undefined}
                              readOnly={undefined}
                              required={undefined}
                              rows={undefined}
                              type="text"
                              value={undefined}
                            />
                          </div>
                        </div>
                        <div
                          aria-describedby={undefined}
                          className="MuiFormControl-root-90 MuiFormControl-marginNormal-91"
                          onBlur={[Function]}
                          onFocus={[Function]}
                          style={
                            Object {
                              "margin": 10,
                            }
                          }
                        >
                          <label
                            className="MuiFormLabel-root-99 MuiInputLabel-root-94 MuiInputLabel-formControl-95 MuiInputLabel-animated-98"
                            data-shrink={false}
                            htmlFor="surname"
                          >
                            Efternamn
                          </label>
                          <div
                            className="MuiInput-root-105 MuiInput-disabled-108 MuiInput-formControl-106 MuiInput-underline-109"
                          >
                            <input
                              aria-invalid={false}
                              aria-required={false}
                              autoComplete={undefined}
                              autoFocus={undefined}
                              className="MuiInput-input-113 MuiInput-inputDisabled-115"
                              defaultValue={undefined}
                              disabled={true}
                              id="surname"
                              name={undefined}
                              onBlur={[Function]}
                              onChange={[Function]}
                              onFocus={[Function]}
                              onKeyDown={undefined}
                              onKeyUp={undefined}
                              placeholder={undefined}
                              readOnly={undefined}
                              required={undefined}
                              rows={undefined}
                              type="text"
                              value={undefined}
                            />
                          </div>
                        </div>
                        <div
                          aria-describedby={undefined}
                          className="MuiFormControl-root-90 MuiFormControl-marginNormal-91"
                          onBlur={[Function]}
                          onFocus={[Function]}
                          style={
                            Object {
                              "margin": 10,
                            }
                          }
                        >
                          <label
                            className="MuiFormLabel-root-99 MuiInputLabel-root-94 MuiInputLabel-formControl-95 MuiInputLabel-animated-98"
                            data-shrink={false}
                            htmlFor="streetAddress"
                          >
                            Adress
                          </label>
                          <div
                            className="MuiInput-root-105 MuiInput-disabled-108 MuiInput-formControl-106 MuiInput-underline-109"
                          >
                            <input
                              aria-invalid={false}
                              aria-required={false}
                              autoComplete={undefined}
                              autoFocus={undefined}
                              className="MuiInput-input-113 MuiInput-inputDisabled-115"
                              defaultValue={undefined}
                              disabled={true}
                              id="streetAddress"
                              name={undefined}
                              onBlur={[Function]}
                              onChange={[Function]}
                              onFocus={[Function]}
                              onKeyDown={undefined}
                              onKeyUp={undefined}
                              placeholder={undefined}
                              readOnly={undefined}
                              required={undefined}
                              rows={undefined}
                              type="text"
                              value={undefined}
                            />
                          </div>
                        </div>
                        <div
                          aria-describedby={undefined}
                          className="MuiFormControl-root-90 MuiFormControl-marginNormal-91"
                          onBlur={[Function]}
                          onFocus={[Function]}
                          style={
                            Object {
                              "margin": 10,
                            }
                          }
                        >
                          <label
                            className="MuiFormLabel-root-99 MuiInputLabel-root-94 MuiInputLabel-formControl-95 MuiInputLabel-animated-98"
                            data-shrink={false}
                            htmlFor="zipCode"
                          >
                            Postnummer
                          </label>
                          <div
                            className="MuiInput-root-105 MuiInput-disabled-108 MuiInput-formControl-106 MuiInput-underline-109"
                          >
                            <input
                              aria-invalid={false}
                              aria-required={false}
                              autoComplete={undefined}
                              autoFocus={undefined}
                              className="MuiInput-input-113 MuiInput-inputDisabled-115 MuiInput-inputType-117"
                              defaultValue={undefined}
                              disabled={true}
                              id="zipCode"
                              name={undefined}
                              onBlur={[Function]}
                              onChange={[Function]}
                              onFocus={[Function]}
                              onKeyDown={undefined}
                              onKeyUp={undefined}
                              placeholder={undefined}
                              readOnly={undefined}
                              required={undefined}
                              rows={undefined}
                              type="number"
                              value={undefined}
                            />
                          </div>
                        </div>
                        <div
                          aria-describedby={undefined}
                          className="MuiFormControl-root-90 MuiFormControl-marginNormal-91"
                          onBlur={[Function]}
                          onFocus={[Function]}
                          style={
                            Object {
                              "margin": 10,
                            }
                          }
                        >
                          <label
                            className="MuiFormLabel-root-99 MuiInputLabel-root-94 MuiInputLabel-formControl-95 MuiInputLabel-animated-98"
                            data-shrink={false}
                            htmlFor="city"
                          >
                            Postort
                          </label>
                          <div
                            className="MuiInput-root-105 MuiInput-disabled-108 MuiInput-formControl-106 MuiInput-underline-109"
                          >
                            <input
                              aria-invalid={false}
                              aria-required={false}
                              autoComplete={undefined}
                              autoFocus={undefined}
                              className="MuiInput-input-113 MuiInput-inputDisabled-115"
                              defaultValue={undefined}
                              disabled={true}
                              id="city"
                              name={undefined}
                              onBlur={[Function]}
                              onChange={[Function]}
                              onFocus={[Function]}
                              onKeyDown={undefined}
                              onKeyUp={undefined}
                              placeholder={undefined}
                              readOnly={undefined}
                              required={undefined}
                              rows={undefined}
                              type="text"
                              value={undefined}
                            />
                          </div>
                        </div>
                        <div
                          aria-describedby={undefined}
                          className="MuiFormControl-root-90 MuiFormControl-marginNormal-91"
                          onBlur={[Function]}
                          onFocus={[Function]}
                          style={
                            Object {
                              "margin": 10,
                            }
                          }
                        >
                          <label
                            className="MuiFormLabel-root-99 MuiInputLabel-root-94 MuiInputLabel-formControl-95 MuiInputLabel-animated-98"
                            data-shrink={false}
                            htmlFor="socialSecurity"
                          >
                            Personnummer
                          </label>
                          <div
                            className="MuiInput-root-105 MuiInput-disabled-108 MuiInput-formControl-106 MuiInput-underline-109"
                          >
                            <input
                              aria-invalid={false}
                              aria-required={false}
                              autoComplete={undefined}
                              autoFocus={undefined}
                              className="MuiInput-input-113 MuiInput-inputDisabled-115"
                              defaultValue={undefined}
                              disabled={true}
                              id="socialSecurity"
                              name={undefined}
                              onBlur={[Function]}
                              onChange={[Function]}
                              onFocus={[Function]}
                              onKeyDown={undefined}
                              onKeyUp={undefined}
                              placeholder={undefined}
                              readOnly={undefined}
                              required={undefined}
                              rows={undefined}
                              type="text"
                              value={undefined}
                            />
                          </div>
                        </div>
                        <div
                          aria-describedby={undefined}
                          className="MuiFormControl-root-90 MuiFormControl-marginNormal-91"
                          onBlur={[Function]}
                          onFocus={[Function]}
                          style={
                            Object {
                              "margin": 10,
                            }
                          }
                        >
                          <label
                            className="MuiFormLabel-root-99 MuiInputLabel-root-94 MuiInputLabel-formControl-95 MuiInputLabel-animated-98"
                            data-shrink={false}
                            htmlFor="telephoneNumber"
                          >
                            Telefonnummer
                          </label>
                          <div
                            className="MuiInput-root-105 MuiInput-disabled-108 MuiInput-formControl-106 MuiInput-underline-109"
                          >
                            <input
                              aria-invalid={false}
                              aria-required={false}
                              autoComplete={undefined}
                              autoFocus={undefined}
                              className="MuiInput-input-113 MuiInput-inputDisabled-115 MuiInput-inputType-117"
                              defaultValue={undefined}
                              disabled={true}
                              id="telephoneNumber"
                              name={undefined}
                              onBlur={[Function]}
                              onChange={[Function]}
                              onFocus={[Function]}
                              onKeyDown={undefined}
                              onKeyUp={undefined}
                              placeholder={undefined}
                              readOnly={undefined}
                              required={undefined}
                              rows={undefined}
                              type="tel"
                              value={undefined}
                            />
                          </div>
                        </div>
                        <div
                          aria-describedby={undefined}
                          className="MuiFormControl-root-90 MuiFormControl-marginNormal-91"
                          onBlur={[Function]}
                          onFocus={[Function]}
                          style={
                            Object {
                              "margin": 10,
                            }
                          }
                        >
                          <label
                            className="MuiFormLabel-root-99 MuiInputLabel-root-94 MuiInputLabel-formControl-95 MuiInputLabel-animated-98"
                            data-shrink={false}
                            htmlFor="relativeUsername"
                          >
                            Anhörigs namn
                          </label>
                          <div
                            className="MuiInput-root-105 MuiInput-disabled-108 MuiInput-formControl-106 MuiInput-underline-109"
                          >
                            <input
                              aria-invalid={false}
                              aria-required={false}
                              autoComplete={undefined}
                              autoFocus={undefined}
                              className="MuiInput-input-113 MuiInput-inputDisabled-115"
                              defaultValue={undefined}
                              disabled={true}
                              id="relativeUsername"
                              name={undefined}
                              onBlur={[Function]}
                              onChange={[Function]}
                              onFocus={[Function]}
                              onKeyDown={undefined}
                              onKeyUp={undefined}
                              placeholder={undefined}
                              readOnly={undefined}
                              required={undefined}
                              rows={undefined}
                              type="text"
                              value={undefined}
                            />
                          </div>
                        </div>
                      </form>
                      <button
                        className="MuiButtonBase-root-63 MuiButton-root-119 MuiButton-raised-124"
                        disabled={false}
                        onBlur={[Function]}
                        onClick={[Function]}
                        onFocus={[Function]}
                        onKeyDown={[Function]}
                        onKeyUp={[Function]}
                        onMouseDown={[Function]}
                        onMouseLeave={[Function]}
                        onMouseUp={[Function]}
                        onTouchEnd={[Function]}
                        onTouchMove={[Function]}
                        onTouchStart={[Function]}
                        style={
                          Object {
                            "margin": 20,
                          }
                        }
                        tabIndex="0"
                        type="button"
                      >
                        <span
                          className="MuiButton-label-120"
                        >
                          Ändra uppgifter
                        </span>
                        <span
                          className="MuiTouchRipple-root-78"
                        />
                      </button>
                    </div>
                  </div>
                </div>
              </div>
            </div>
          </div>
        </div>
        <div
          className="MuiPaper-root-28 MuiPaper-elevation1-31 MuiExpansionPanel-root-25"
        >
          <div
            aria-expanded={false}
            className="MuiButtonBase-root-63 MuiExpansionPanelSummary-root-55"
            onBlur={[Function]}
            onClick={[Function]}
            onFocus={[Function]}
            onKeyDown={[Function]}
            onKeyUp={[Function]}
            onMouseDown={[Function]}
            onMouseLeave={[Function]}
            onMouseUp={[Function]}
            onTouchEnd={[Function]}
            onTouchMove={[Function]}
            onTouchStart={[Function]}
            role="button"
            tabIndex="0"
          >
            <div
              className="MuiExpansionPanelSummary-content-59"
            >
              <p
                className="MuiTypography-root-1 MuiTypography-body1-10"
              >
                Ändra lösenord
              </p>
            </div>
            <div
              aria-hidden="true"
              className="MuiButtonBase-root-63 MuiIconButton-root-66 MuiExpansionPanelSummary-expandIcon-61"
              onBlur={[Function]}
              onFocus={[Function]}
              onKeyDown={[Function]}
              onKeyUp={[Function]}
              onMouseDown={[Function]}
              onMouseLeave={[Function]}
              onMouseUp={[Function]}
              onTouchEnd={[Function]}
              onTouchMove={[Function]}
              onTouchStart={[Function]}
              role="button"
              tabIndex={-1}
            >
              <span
                className="MuiIconButton-label-71"
              >
                <svg
                  aria-hidden="true"
                  className="MuiSvgIcon-root-72"
                  color={undefined}
                  focusable="false"
                  viewBox="0 0 24 24"
                >
                  <g>
                    <path
                      d="M16.59 8.59L12 13.17 7.41 8.59 6 10l6 6 6-6z"
                    />
                  </g>
                </svg>
              </span>
              <span
                className="MuiTouchRipple-root-78"
              />
            </div>
          </div>
          <div
            aria-hidden="true"
            className="MuiCollapse-container-85"
            style={
              Object {
                "minHeight": "0px",
              }
            }
          >
            <div
              className="MuiCollapse-wrapper-87"
            >
              <div
                className="MuiCollapse-wrapperInner-88"
              >
                <div
                  className="MuiExpansionPanelDetails-root-89"
                >
                  <div
                    className="UserDetails"
                  >
                    <form
                      autoComplete="off"
                      noValidate={true}
                      style={
                        Object {
                          "display": "flex",
                          "flexWrap": "wrap",
                          "justifyContent": "space-evenly",
                        }
                      }
                    >
                      <div
                        aria-describedby={undefined}
                        className="MuiFormControl-root-90 MuiFormControl-marginNormal-91"
                        onBlur={[Function]}
                        onFocus={[Function]}
                        style={
                          Object {
                            "margin": 10,
                          }
                        }
                      >
                        <label
                          className="MuiFormLabel-root-99 MuiInputLabel-root-94 MuiInputLabel-formControl-95 MuiInputLabel-animated-98"
                          data-shrink={false}
                          htmlFor="password"
                        >
                          Nytt lösenord
                        </label>
                        <div
                          className="MuiInput-root-105 MuiInput-formControl-106 MuiInput-underline-109"
                        >
                          <input
                            aria-invalid={false}
                            aria-required={false}
                            autoComplete="current-password"
                            autoFocus={undefined}
                            className="MuiInput-input-113 MuiInput-inputType-117"
                            defaultValue={undefined}
                            disabled={false}
                            id="password"
                            name={undefined}
                            onBlur={[Function]}
                            onChange={[Function]}
                            onFocus={[Function]}
                            onKeyDown={undefined}
                            onKeyUp={undefined}
                            placeholder={undefined}
                            readOnly={undefined}
                            required={undefined}
                            rows={undefined}
                            type="password"
                            value={undefined}
                          />
                        </div>
                      </div>
                      <div
                        aria-describedby={undefined}
                        className="MuiFormControl-root-90 MuiFormControl-marginNormal-91"
                        onBlur={[Function]}
                        onFocus={[Function]}
                        style={
                          Object {
                            "margin": 10,
                          }
                        }
                      >
                        <label
                          className="MuiFormLabel-root-99 MuiInputLabel-root-94 MuiInputLabel-formControl-95 MuiInputLabel-animated-98"
                          data-shrink={false}
                          htmlFor="passwordRepeat"
                        >
                          Bekräfta lösenord
                        </label>
                        <div
                          className="MuiInput-root-105 MuiInput-formControl-106 MuiInput-underline-109"
                        >
                          <input
                            aria-invalid={false}
                            aria-required={false}
                            autoComplete="current-password"
                            autoFocus={undefined}
                            className="MuiInput-input-113 MuiInput-inputType-117"
                            defaultValue={undefined}
                            disabled={false}
                            id="passwordRepeat"
                            name={undefined}
                            onBlur={[Function]}
                            onChange={[Function]}
                            onFocus={[Function]}
                            onKeyDown={undefined}
                            onKeyUp={undefined}
                            placeholder={undefined}
                            readOnly={undefined}
                            required={undefined}
                            rows={undefined}
                            type="password"
                            value={undefined}
                          />
                        </div>
                      </div>
                      <button
                        className="MuiButtonBase-root-63 MuiButton-root-119 MuiButton-raised-124"
                        disabled={false}
                        onBlur={[Function]}
                        onClick={[Function]}
                        onFocus={[Function]}
                        onKeyDown={[Function]}
                        onKeyUp={[Function]}
                        onMouseDown={[Function]}
                        onMouseLeave={[Function]}
                        onMouseUp={[Function]}
                        onTouchEnd={[Function]}
                        onTouchMove={[Function]}
                        onTouchStart={[Function]}
                        style={
                          Object {
                            "margin": 20,
                          }
                        }
                        tabIndex="0"
                        type="button"
                      >
                        <span
                          className="MuiButton-label-120"
                        >
                          Ok
                        </span>
                        <span
                          className="MuiTouchRipple-root-78"
                        />
                      </button>
                    </form>
                  </div>
                </div>
              </div>
            </div>
          </div>
        </div>
        <ul
          className="MuiList-root-134 MuiList-padding-135"
        >
          <li
            className="MuiListItem-container-139"
          >
            <div
              className="MuiListItem-root-138 MuiListItem-default-141 MuiListItem-gutters-145 MuiListItem-secondaryAction-147"
              disabled={false}
            >
              <p
                className="MuiTypography-root-1 MuiTypography-body1-10"
              >
                Notifikationer
              </p>
            </div>
            <div
              className="MuiListItemSecondaryAction-root-148"
            >
              <span
                className="MuiSwitch-root-149"
              >
                <span
                  className="MuiButtonBase-root-63 MuiIconButton-root-66 MuiSwitchBase-root-158 MuiSwitchBase-default-160 MuiSwitch-default-153"
                  onBlur={[Function]}
                  onFocus={[Function]}
                  onKeyDown={[Function]}
                  onKeyUp={[Function]}
                  onMouseDown={[Function]}
                  onMouseLeave={[Function]}
                  onMouseUp={[Function]}
                  onTouchEnd={[Function]}
                  onTouchMove={[Function]}
                  onTouchStart={[Function]}
                  role={undefined}
                  tabIndex={null}
                >
                  <span
                    className="MuiIconButton-label-71"
                  >
                    <span
                      className="MuiSwitch-icon-151"
                    />
                    <input
                      checked={false}
                      className="MuiSwitchBase-input-159"
                      disabled={undefined}
                      id={undefined}
                      name={undefined}
                      onChange={[Function]}
                      tabIndex={undefined}
                      type="checkbox"
                      value="notificationToggle"
                    />
                  </span>
                  <span
                    className="MuiTouchRipple-root-78"
                  />
                </span>
                <span
                  className="MuiSwitch-bar-150"
                />
              </span>
            </div>
          </li>
          <hr
            className="MuiDivider-root-163"
          />
          <hr
            className="MuiDivider-root-163"
          />
          <li
            className="MuiListItem-container-139"
          >
            <div
              className="MuiListItem-root-138 MuiListItem-default-141 MuiListItem-gutters-145 MuiListItem-secondaryAction-147"
              disabled={false}
            >
              <p
                className="MuiTypography-root-1 MuiTypography-body1-10"
              >
                Fylls på med mer inställningar...
              </p>
            </div>
            <div
              className="MuiListItemSecondaryAction-root-148"
            >
              <span
                className="MuiSwitch-root-149"
              >
                <span
                  className="MuiButtonBase-root-63 MuiIconButton-root-66 MuiSwitchBase-root-158 MuiSwitchBase-default-160 MuiSwitch-default-153"
                  onBlur={[Function]}
                  onFocus={[Function]}
                  onKeyDown={[Function]}
                  onKeyUp={[Function]}
                  onMouseDown={[Function]}
                  onMouseLeave={[Function]}
                  onMouseUp={[Function]}
                  onTouchEnd={[Function]}
                  onTouchMove={[Function]}
                  onTouchStart={[Function]}
                  role={undefined}
                  tabIndex={null}
                >
                  <span
                    className="MuiIconButton-label-71"
                  >
                    <span
                      className="MuiSwitch-icon-151"
                    />
                    <input
                      checked={false}
                      className="MuiSwitchBase-input-159"
                      disabled={undefined}
                      id={undefined}
                      name={undefined}
                      onChange={[Function]}
                      tabIndex={undefined}
                      type="checkbox"
                      value="todo"
                    />
                  </span>
                  <span
                    className="MuiTouchRipple-root-78"
                  />
                </span>
                <span
                  className="MuiSwitch-bar-150"
                />
              </span>
            </div>
          </li>
        </ul>
      </div>
    </div>
  </div>
</div>
`;
