// Jest Snapshot v1, https://goo.gl/fbAQLP

exports[`App renders without crashing 1`] = `
<div>
  <div
    className="App"
  >
    <header
      className="MuiPaper-root-9 MuiPaper-elevation4-15 MuiAppBar-root-1 MuiAppBar-positionSticky-4 MuiAppBar-colorPrimary-7"
      style={
        Object {
          "flexGrow": 1,
        }
      }
    >
      <div
        className="MuiToolbar-root-36 MuiToolbar-gutters-37"
      >
        <h2
          className="MuiTypography-root-38 MuiTypography-title-44 MuiTypography-colorInherit-57"
          style={
            Object {
              "flex": 1,
            }
          }
        />
        <p>
           
        </p>
      </div>
    </header>
    <div
      className="Body"
    />
  </div>
</div>
`;
