// Jest Snapshot v1, https://goo.gl/fbAQLP

exports[`Login renders without crashing 1`] = `
<div
  className="Login"
>
  <h1
    className="MuiTypography-root-1 MuiTypography-headline-6 MuiTypography-alignLeft-13"
    style={
      Object {
        "marginLeft": 30,
      }
    }
  >
    Logga in
  </h1>
  <form
    autoComplete="off"
    noValidate={true}
    style={
      Object {
        "display": "flex",
        "flexWrap": "wrap",
        "justifyContent": "space-around",
      }
    }
  >
    <div
      aria-describedby={undefined}
      className="MuiFormControl-root-25 MuiFormControl-marginNormal-26"
      onBlur={[Function]}
      onFocus={[Function]}
      style={
        Object {
          "marginBottom": 20,
          "marginLeft": 30,
          "marginRight": 30,
          "width": 300,
        }
      }
    >
      <label
        className="MuiFormLabel-root-34 MuiInputLabel-root-29 MuiInputLabel-formControl-30 MuiInputLabel-animated-33"
        data-shrink={false}
        htmlFor="name"
      >
        Användarnamn
      </label>
      <div
        className="MuiInput-root-40 MuiInput-formControl-41 MuiInput-underline-44"
      >
        <input
          aria-invalid={false}
          aria-required={false}
          autoComplete={undefined}
          autoFocus={undefined}
          className="MuiInput-input-48"
          defaultValue={undefined}
          disabled={false}
          id="name"
          name={undefined}
          onBlur={[Function]}
          onChange={[Function]}
          onFocus={[Function]}
          onKeyDown={undefined}
          onKeyUp={undefined}
          placeholder={undefined}
          readOnly={undefined}
          required={undefined}
          rows={undefined}
          type="text"
          value={undefined}
        />
      </div>
    </div>
    <div
      aria-describedby={undefined}
      className="MuiFormControl-root-25 MuiFormControl-marginNormal-26"
      onBlur={[Function]}
      onFocus={[Function]}
      style={
        Object {
          "marginBottom": 20,
          "marginLeft": 30,
          "marginRight": 30,
          "width": 300,
        }
      }
    >
      <label
        className="MuiFormLabel-root-34 MuiInputLabel-root-29 MuiInputLabel-formControl-30 MuiInputLabel-animated-33"
        data-shrink={false}
        htmlFor="password"
      >
        Lösenord
      </label>
      <div
        className="MuiInput-root-40 MuiInput-formControl-41 MuiInput-underline-44"
      >
        <input
          aria-invalid={false}
          aria-required={false}
          autoComplete="current-password"
          autoFocus={undefined}
          className="MuiInput-input-48 MuiInput-inputType-52"
          defaultValue={undefined}
          disabled={false}
          id="password"
          name={undefined}
          onBlur={[Function]}
          onChange={[Function]}
          onFocus={[Function]}
          onKeyDown={undefined}
          onKeyUp={undefined}
          placeholder={undefined}
          readOnly={undefined}
          required={undefined}
          rows={undefined}
          type="password"
          value={undefined}
        />
      </div>
    </div>
    <div
      className="LoginButton"
    >
      <button
        className="MuiButtonBase-root-69 MuiButton-root-54 MuiButton-raised-59"
        disabled={false}
        onBlur={[Function]}
        onClick={[Function]}
        onFocus={[Function]}
        onKeyDown={[Function]}
        onKeyUp={[Function]}
        onMouseDown={[Function]}
        onMouseLeave={[Function]}
        onMouseUp={[Function]}
        onTouchEnd={[Function]}
        onTouchMove={[Function]}
        onTouchStart={[Function]}
        style={
          Object {
            "height": 60,
            "marginTop": 30,
            "width": 300,
          }
        }
        tabIndex="0"
        type="button"
      >
        <span
          className="MuiButton-label-55"
        >
          Logga in
        </span>
        <span
          className="MuiTouchRipple-root-72"
        />
      </button>
      <div
        style={
          Object {
            "display": "flex",
            "flexDirection": "row",
            "marginTop": 20,
            "width": 300,
          }
        }
      >
        <div
          style={
            Object {
              "height": 100,
              "textAlign": "left",
              "width": 150,
            }
          }
        >
          <a
            href="/register"
            onClick={[Function]}
            style={
              Object {
                "color": "#757575",
                "textDecoration": "none",
              }
            }
          >
            Registrera ny användare
          </a>
        </div>
        <div
          style={
            Object {
              "height": 100,
              "textAlign": "right",
              "width": 150,
            }
          }
        >
          <a
            href="/password"
            onClick={[Function]}
            style={
              Object {
                "color": "#757575",
                "textDecoration": "none",
              }
            }
          >
            Glömt lösenord?
          </a>
        </div>
      </div>
    </div>
  </form>
</div>
`;
